// Jest Snapshot v1, https://goo.gl/fbAQLP

exports[`box plot should match snapshot 1`] = `
<div>
  <div
    class="dc-chart"
  >
    <svg
      height="200"
      width="200"
    >
      <g>
        <g
          class="chart-body"
          clip-path="url(http://localhost/#dc-chart1-clip)"
          transform="translate(30, 10)"
        >
          <g
            class="box"
            transform="translate(11.53846153846154, 0)"
          >
            <line
              class="center"
              style="opacity: 1;"
              x1="2.307692307692307"
              x2="2.307692307692307"
              y1="113.93939393939394"
              y2="7.272727272727266"
            />
            <rect
              class="box"
              fill="#1f77b4"
              height="42.02020202020203"
              style="fill-opacity: 1;"
              width="4.615384615384614"
              x="0"
              y="36.36363636363637"
            />
            <line
              class="median"
              x1="0"
              x2="4.615384615384614"
              y1="49.29292929292929"
              y2="49.29292929292929"
            />
            <line
              class="whisker"
              style="opacity: 1;"
              x1="0"
              x2="4.615384615384614"
              y1="113.93939393939394"
              y2="113.93939393939394"
            />
            <line
              class="whisker"
              style="opacity: 1;"
              x1="0"
              x2="4.615384615384614"
              y1="7.272727272727266"
              y2="7.272727272727266"
            />
            <circle
              class="outlier"
              cx="2.307692307692307"
              cy="143.03030303030303"
              r="5"
              style="opacity: 0.6;"
            >
              <title>
                650
              </title>
            </circle>
            <text
              class="box"
              dx="-6"
              dy=".3em"
              text-anchor="end"
              x="0"
              y="78.3838383838384"
            >
              850
            </text>
            <text
              class="box"
              dx="6"
              dy=".3em"
              text-anchor="start"
              x="4.615384615384614"
              y="49.29292929292929"
            >
              940
            </text>
            <text
              class="box"
              dx="-6"
              dy=".3em"
              text-anchor="end"
              x="0"
              y="36.36363636363637"
            >
              980
            </text>
            <text
              class="whisker"
              dx="6"
              dy=".3em"
              style="opacity: 1;"
              x="4.615384615384614"
              y="113.93939393939394"
            >
              740
            </text>
            <text
              class="whisker"
              dx="6"
              dy=".3em"
              style="opacity: 1;"
              x="4.615384615384614"
              y="7.272727272727266"
            >
              1,070
            </text>
          </g>
          <g
            class="box"
            transform="translate(34.61538461538461, 0)"
          >
            <line
              class="center"
              style="opacity: 1;"
              x1="2.307692307692307"
              x2="2.307692307692307"
              y1="107.47474747474747"
              y2="42.82828282828282"
            />
            <rect
              class="box"
              fill="#ff7f0e"
              height="27.47474747474746"
              style="fill-opacity: 1;"
              width="4.615384615384614"
              x="0"
              y="67.07070707070707"
            />
            <line
              class="median"
              x1="0"
              x2="4.615384615384614"
              y1="80"
              y2="80"
            />
            <line
              class="whisker"
              style="opacity: 1;"
              x1="0"
              x2="4.615384615384614"
              y1="107.47474747474747"
              y2="107.47474747474747"
            />
            <line
              class="whisker"
              style="opacity: 1;"
              x1="0"
              x2="4.615384615384614"
              y1="42.82828282828282"
              y2="42.82828282828282"
            />
            <text
              class="box"
              dx="-6"
              dy=".3em"
              text-anchor="end"
              x="0"
              y="94.54545454545453"
            >
              800
            </text>
            <text
              class="box"
              dx="6"
              dy=".3em"
              text-anchor="start"
              x="4.615384615384614"
              y="80"
            >
              845
            </text>
            <text
              class="box"
              dx="-6"
              dy=".3em"
              text-anchor="end"
              x="0"
              y="67.07070707070707"
            >
              885
            </text>
            <text
              class="whisker"
              dx="6"
              dy=".3em"
              style="opacity: 1;"
              x="4.615384615384614"
              y="107.47474747474747"
            >
              760
            </text>
            <text
              class="whisker"
              dx="6"
              dy=".3em"
              style="opacity: 1;"
              x="4.615384615384614"
              y="42.82828282828282"
            >
              960
            </text>
          </g>
          <g
            class="box"
            transform="translate(57.69230769230769, 0)"
          >
            <line
              class="center"
              style="opacity: 1;"
              x1="2.307692307692307"
              x2="2.307692307692307"
              y1="81.61616161616163"
              y2="58.989898989899"
            />
            <rect
              class="box"
              fill="#2ca02c"
              height="12.929292929292956"
              style="fill-opacity: 1;"
              width="4.615384615384614"
              x="0"
              y="68.68686868686868"
            />
            <line
              class="median"
              x1="0"
              x2="4.615384615384614"
              y1="76.76767676767676"
              y2="76.76767676767676"
            />
            <line
              class="whisker"
              style="opacity: 1;"
              x1="0"
              x2="4.615384615384614"
              y1="81.61616161616163"
              y2="81.61616161616163"
            />
            <line
              class="whisker"
              style="opacity: 1;"
              x1="0"
              x2="4.615384615384614"
              y1="58.989898989899"
              y2="58.989898989899"
            />
            <circle
              class="outlier"
              cx="2.307692307692307"
              cy="152.72727272727275"
              r="5"
              style="opacity: 0.6;"
            >
              <title>
                620
              </title>
            </circle>
            <circle
              class="outlier"
              cx="2.307692307692307"
              cy="120.4040404040404"
              r="5"
              style="opacity: 0.6;"
            >
              <title>
                720
              </title>
            </circle>
            <circle
              class="outlier"
              cx="2.307692307692307"
              cy="120.4040404040404"
              r="5"
              style="opacity: 0.6;"
            >
              <title>
                720
              </title>
            </circle>
            <circle
              class="outlier"
              cx="2.307692307692307"
              cy="46.060606060606055"
              r="5"
              style="opacity: 0.6;"
            >
              <title>
                950
              </title>
            </circle>
            <circle
              class="outlier"
              cx="2.307692307692307"
              cy="39.5959595959596"
              r="5"
              style="opacity: 0.6;"
            >
              <title>
                970
              </title>
            </circle>
            <text
              class="box"
              dx="-6"
              dy=".3em"
              text-anchor="end"
              x="0"
              y="81.61616161616163"
            >
              840
            </text>
            <text
              class="box"
              dx="6"
              dy=".3em"
              text-anchor="start"
              x="4.615384615384614"
              y="76.76767676767676"
            >
              855
            </text>
            <text
              class="box"
              dx="-6"
              dy=".3em"
              text-anchor="end"
              x="0"
              y="68.68686868686868"
            >
              880
            </text>
            <text
              class="whisker"
              dx="6"
              dy=".3em"
              style="opacity: 1;"
              x="4.615384615384614"
              y="81.61616161616163"
            >
              840
            </text>
            <text
              class="whisker"
              dx="6"
              dy=".3em"
              style="opacity: 1;"
              x="4.615384615384614"
              y="58.989898989899"
            >
              910
            </text>
          </g>
          <g
            class="box"
            transform="translate(80.76923076923077, 0)"
          >
            <line
              class="center"
              style="opacity: 1;"
              x1="2.307692307692307"
              x2="2.307692307692307"
              y1="120.4040404040404"
              y2="55.757575757575765"
            />
            <rect
              class="box"
              fill="#d62728"
              height="31.51515151515153"
              style="fill-opacity: 1;"
              width="4.615384615384614"
              x="0"
              y="73.53535353535352"
            />
            <line
              class="median"
              x1="0"
              x2="4.615384615384614"
              y1="89.69696969696969"
              y2="89.69696969696969"
            />
            <line
              class="whisker"
              style="opacity: 1;"
              x1="0"
              x2="4.615384615384614"
              y1="120.4040404040404"
              y2="120.4040404040404"
            />
            <line
              class="whisker"
              style="opacity: 1;"
              x1="0"
              x2="4.615384615384614"
              y1="55.757575757575765"
              y2="55.757575757575765"
            />
            <text
              class="box"
              dx="-6"
              dy=".3em"
              text-anchor="end"
              x="0"
              y="105.05050505050505"
            >
              768
            </text>
            <text
              class="box"
              dx="6"
              dy=".3em"
              text-anchor="start"
              x="4.615384615384614"
              y="89.69696969696969"
            >
              815
            </text>
            <text
              class="box"
              dx="-6"
              dy=".3em"
              text-anchor="end"
              x="0"
              y="73.53535353535352"
            >
              865
            </text>
            <text
              class="whisker"
              dx="6"
              dy=".3em"
              style="opacity: 1;"
              x="4.615384615384614"
              y="120.4040404040404"
            >
              720
            </text>
            <text
              class="whisker"
              dx="6"
              dy=".3em"
              style="opacity: 1;"
              x="4.615384615384614"
              y="55.757575757575765"
            >
              920
            </text>
          </g>
          <g
            class="box"
            transform="translate(103.84615384615384, 0)"
          >
            <line
              class="center"
              style="opacity: 1;"
              x1="2.307692307692307"
              x2="2.307692307692307"
              y1="113.93939393939394"
              y2="46.060606060606055"
            />
            <rect
              class="box"
              fill="#9467bd"
              height="20.202020202020194"
              style="fill-opacity: 1;"
              width="4.615384615384614"
              x="0"
              y="71.91919191919192"
            />
            <line
              class="median"
              x1="0"
              x2="4.615384615384614"
              y1="91.31313131313132"
              y2="91.31313131313132"
            />
            <line
              class="whisker"
              style="opacity: 1;"
              x1="0"
              x2="4.615384615384614"
              y1="113.93939393939394"
              y2="113.93939393939394"
            />
            <line
              class="whisker"
              style="opacity: 1;"
              x1="0"
              x2="4.615384615384614"
              y1="46.060606060606055"
              y2="46.060606060606055"
            />
            <text
              class="box"
              dx="-6"
              dy=".3em"
              text-anchor="end"
              x="0"
              y="92.12121212121211"
            >
              808
            </text>
            <text
              class="box"
              dx="6"
              dy=".3em"
              text-anchor="start"
              x="4.615384615384614"
              y="91.31313131313132"
            >
              810
            </text>
            <text
              class="box"
              dx="-6"
              dy=".3em"
              text-anchor="end"
              x="0"
              y="71.91919191919192"
            >
              870
            </text>
            <text
              class="whisker"
              dx="6"
              dy=".3em"
              style="opacity: 1;"
              x="4.615384615384614"
              y="113.93939393939394"
            >
              740
            </text>
            <text
              class="whisker"
              dx="6"
              dy=".3em"
              style="opacity: 1;"
              x="4.615384615384614"
              y="46.060606060606055"
            >
              950
            </text>
          </g>
        </g>
        <g
          class="axis x"
          fill="none"
          font-family="sans-serif"
          font-size="10"
          text-anchor="middle"
          transform="translate(30,170)"
        >
          <path
            class="domain"
            d="M0.5,6V0.5H120.5V6"
            stroke="currentColor"
          />
          <g
            class="tick"
            opacity="1"
            transform="translate(13.846153846153847,0)"
          >
            <line
              stroke="currentColor"
              y2="6"
            />
            <text
              dy="0.71em"
              fill="currentColor"
              y="9"
            >
              exp-1
            </text>
          </g>
          <g
            class="tick"
            opacity="1"
            transform="translate(36.92307692307692,0)"
          >
            <line
              stroke="currentColor"
              y2="6"
            />
            <text
              dy="0.71em"
              fill="currentColor"
              y="9"
            >
              exp-2
            </text>
          </g>
          <g
            class="tick"
            opacity="1"
            transform="translate(60,0)"
          >
            <line
              stroke="currentColor"
              y2="6"
            />
            <text
              dy="0.71em"
              fill="currentColor"
              y="9"
            >
              exp-3
            </text>
          </g>
          <g
            class="tick"
            opacity="1"
            transform="translate(83.07692307692308,0)"
          >
            <line
              stroke="currentColor"
              y2="6"
            />
            <text
              dy="0.71em"
              fill="currentColor"
              y="9"
            >
              exp-4
            </text>
          </g>
          <g
            class="tick"
            opacity="1"
            transform="translate(106.15384615384615,0)"
          >
            <line
              stroke="currentColor"
              y2="6"
            />
            <text
              dy="0.71em"
              fill="currentColor"
              y="9"
            >
              exp-5
            </text>
          </g>
        </g>
        <g
          class="axis y"
          fill="none"
          font-family="sans-serif"
          font-size="10"
          text-anchor="end"
          transform="translate(30,10)"
        >
          <path
            class="domain"
            d="M-6,160.5H0.5V0.5H-6"
            stroke="currentColor"
          />
          <g
            class="tick"
            opacity="1"
            transform="translate(0,159.5)"
          >
            <line
              stroke="currentColor"
              x2="-6"
            />
            <text
              dy="0.32em"
              fill="currentColor"
              x="-9"
            >
              600
            </text>
          </g>
          <g
            class="tick"
            opacity="1"
            transform="translate(0,143.5)"
          >
            <line
              stroke="currentColor"
              x2="-6"
            />
            <text
              dy="0.32em"
              fill="currentColor"
              x="-9"
            >
              650
            </text>
          </g>
          <g
            class="tick"
            opacity="1"
            transform="translate(0,127.5)"
          >
            <line
              stroke="currentColor"
              x2="-6"
            />
            <text
              dy="0.32em"
              fill="currentColor"
              x="-9"
            >
              700
            </text>
          </g>
          <g
            class="tick"
            opacity="1"
            transform="translate(0,111.5)"
          >
            <line
              stroke="currentColor"
              x2="-6"
            />
            <text
              dy="0.32em"
              fill="currentColor"
              x="-9"
            >
              750
            </text>
          </g>
          <g
            class="tick"
            opacity="1"
            transform="translate(0,95.5)"
          >
            <line
              stroke="currentColor"
              x2="-6"
            />
            <text
              dy="0.32em"
              fill="currentColor"
              x="-9"
            >
              800
            </text>
          </g>
          <g
            class="tick"
            opacity="1"
            transform="translate(0,78.5)"
          >
            <line
              stroke="currentColor"
              x2="-6"
            />
            <text
              dy="0.32em"
              fill="currentColor"
              x="-9"
            >
              850
            </text>
          </g>
          <g
            class="tick"
            opacity="1"
            transform="translate(0,62.5)"
          >
            <line
              stroke="currentColor"
              x2="-6"
            />
            <text
              dy="0.32em"
              fill="currentColor"
              x="-9"
            >
              900
            </text>
          </g>
          <g
            class="tick"
            opacity="1"
            transform="translate(0,46.5)"
          >
            <line
              stroke="currentColor"
              x2="-6"
            />
            <text
              dy="0.32em"
              fill="currentColor"
              x="-9"
            >
              950
            </text>
          </g>
          <g
            class="tick"
            opacity="1"
            transform="translate(0,30.5)"
          >
            <line
              stroke="currentColor"
              x2="-6"
            />
            <text
              dy="0.32em"
              fill="currentColor"
              x="-9"
            >
              1,000
            </text>
          </g>
          <g
            class="tick"
            opacity="1"
            transform="translate(0,14.5)"
          >
            <line
              stroke="currentColor"
              x2="-6"
            />
            <text
              dy="0.32em"
              fill="currentColor"
              x="-9"
            >
              1,050
            </text>
          </g>
        </g>
      </g>
      <defs>
        <clippath
          id="dc-chart1-clip"
        >
          <rect
            height="160"
            transform="translate(-0, -0)"
            width="120"
          />
        </clippath>
      </defs>
    </svg>
  </div>
</div>
`;
